{
  "logical_cpus": "[cpus]",
  "schema_version": 1,
  "simd_tiers": {
    "available": [
      {
        "feature": "[simd-feature]",
        "tag": "[simd-tier]"
      }
    ],
    "override_env": "FOCR_FORCE_ARCH",
    "selected": "[simd-tier]",
    "selected_feature": "[simd-feature]",
    "status": "runtime detection active"
  },
  "threads": "[threads]"
}
